#################### toptable.txt bare CJK ####################
  3 | full: '\t\t1\t-\t-\t-\t-\t等级排行\t"个人排名："\t"等级"\t""\t""\t'
     bare: '\t\t1\t-\t-\t-\t-\t等级排行\t""\t""\t""\t""\t'
  4 | full: '\t\t2\t-\t-\t-\t-\t财富排行\t"个人排名："\t"财富（金）"\t""\t""\t'
     bare: '\t\t2\t-\t-\t-\t-\t财富排行\t""\t""\t""\t""\t'
  5 | full: '\t\t50\t-\t-\t-\t-\t竞技排行\t"个人排名："\t"竞技积分"\t"称号奖励"\t""\t'
     bare: '\t\t50\t-\t-\t-\t-\t竞技排行\t""\t""\t""\t""\t'
  6 | full: '\t\t24\t-\t-\t-\t-\t仁义值排行\t"个人排名："\t"仁义值"\t"称号奖励"\t""\t'
     bare: '\t\t24\t-\t-\t-\t-\t仁义值排行\t""\t""\t""\t""\t'
  7 | full: '\t\t46\t-\t-\t-\t-\t战功值排名\t"个人排名："\t"战功值"\t""\t""\t'
     bare: '\t\t46\t-\t-\t-\t-\t战功值排名\t""\t""\t""\t""\t'
  8 | full: '\t\t47\t-\t-\t-\t-\t博学值排名\t"个人排名："\t"博学值"\t""\t""\t'
     bare: '\t\t47\t-\t-\t-\t-\t博学值排名\t""\t""\t""\t""\t'
  9 | full: '\t\t310\t-\tm\tn\t2\t本月获得师德排行\t"个人排名："\t"师德值"\t""\t""\t'
     bare: '\t\t310\t-\tm\tn\t2\t本月获得师德排行\t""\t""\t""\t""\t'
 10 | full: '\t\t360\t-\tm\tl\t2\t上月获得师德排行\t"个人排名："\t"师德值"\t"称号奖励"\t"^ffcb4a排行说明：^ffffff此排行榜于每月的第一个周一刷新，排行数据统计                    截止于上月最后一日。"\t'
     bare: '\t\t360\t-\tm\tl\t2\t上月获得师德排行\t""\t""\t""\t""\t'
 11 | full: '\t\t681\t-\t-\t-\t-\t护卫攻击力排行榜\t"护卫排名："\t"当前攻击力"\t"主人名称"\t""\t'
     bare: '\t\t681\t-\t-\t-\t-\t护卫攻击力排行榜\t""\t""\t""\t""\t'
 12 | full: '\t\t682\t-\t-\t-\t-\t护卫计谋排行榜\t"护卫排名："\t"当前计谋"\t"主人名称"\t""\t'
     bare: '\t\t682\t-\t-\t-\t-\t护卫计谋排行榜\t""\t""\t""\t""\t'
 13 | full: '\t\t683\t-\t-\t-\t-\t护卫生命值排行榜\t"护卫排名："\t"当前生命值"\t"主人名称"\t""\t'
     bare: '\t\t683\t-\t-\t-\t-\t护卫生命值排行榜\t""\t""\t""\t""\t'
 14 | full: '\t\t684\t-\t-\t-\t-\t护卫综合排行榜\t"护卫排名："\t"综合评价"\t"主人名称"\t""\t'
     bare: '\t\t684\t-\t-\t-\t-\t护卫综合排行榜\t""\t""\t""\t""\t'
 15 | full: '\t\t578\t-\t-\t-\t-\t荣耀值排名\t"个人排名："\t"荣耀值"\t""\t""'
     bare: '\t\t578\t-\t-\t-\t-\t荣耀值排名\t""\t""\t""\t""'
 17 | full: '\t\t32\t-\t-\t-\t-\t魏国声望\t"个人排名："\t"阵营声望"\t""\t""\t'
     bare: '\t\t32\t-\t-\t-\t-\t魏国声望\t""\t""\t""\t""\t'
 18 | full: '\t\t33\t-\t-\t-\t-\t蜀国声望\t"个人排名："\t"阵营声望"\t""\t""\t'
     bare: '\t\t33\t-\t-\t-\t-\t蜀国声望\t""\t""\t""\t""\t'
 19 | full: '\t\t34\t-\t-\t-\t-\t吴国声望\t"个人排名："\t"阵营声望"\t""\t""\t'
     bare: '\t\t34\t-\t-\t-\t-\t吴国声望\t""\t""\t""\t""\t'
 21 | full: '\t\t25\t-\t-\t-\t-\t河北声望\t"个人排名："\t"地区声望"\t""\t""\t'
     bare: '\t\t25\t-\t-\t-\t-\t河北声望\t""\t""\t""\t""\t'
 22 | full: '\t\t31\t-\t-\t-\t-\t关中声望\t"个人排名："\t"地区声望"\t""\t""\t'
     bare: '\t\t31\t-\t-\t-\t-\t关中声望\t""\t""\t""\t""\t'
 23 | full: '\t\t561\t-\t-\t-\t-\t川南声望\t"个人排名："\t"地区声望"\t""\t""\t'
     bare: '\t\t561\t-\t-\t-\t-\t川南声望\t""\t""\t""\t""\t'
 24 | full: '\t\t26\t-\t-\t-\t-\t西凉声望\t"个人排名："\t"地区声望"\t""\t""\t'
     bare: '\t\t26\t-\t-\t-\t-\t西凉声望\t""\t""\t""\t""\t'
 25 | full: '\t\t27\t-\t-\t-\t-\t巴蜀声望\t"个人排名："\t"地区声望"\t""\t""\t'
     bare: '\t\t27\t-\t-\t-\t-\t巴蜀声望\t""\t""\t""\t""\t'
 26 | full: '\t\t28\t-\t-\t-\t-\t南蛮声望\t"个人排名："\t"地区声望"\t""\t""\t'
     bare: '\t\t28\t-\t-\t-\t-\t南蛮声望\t""\t""\t""\t""\t'
 27 | full: '\t\t29\t-\t-\t-\t-\t江南声望\t"个人排名："\t"地区声望"\t""\t""\t'
     bare: '\t\t29\t-\t-\t-\t-\t江南声望\t""\t""\t""\t""\t'
 28 | full: '\t\t30\t-\t-\t-\t-\t荆襄声望\t"个人排名："\t"地区声望"\t""\t""\t'
     bare: '\t\t30\t-\t-\t-\t-\t荆襄声望\t""\t""\t""\t""\t'
 29 | full: '\t\t563\t-\t-\t-\t-\t中原族系声望\t"个人排名："\t"地区声望"\t""\t""\t'
     bare: '\t\t563\t-\t-\t-\t-\t中原族系声望\t""\t""\t""\t""\t'
 30 | full: '\t\t564\t-\t-\t-\t-\t巫南族系声望\t"个人排名："\t"地区声望"\t""\t""\t'
     bare: '\t\t564\t-\t-\t-\t-\t巫南族系声望\t""\t""\t""\t""\t'
 32 | full: '\t\t562\t-\t-\t-\t-\t商会声望\t"个人排名："\t"势力声望"\t"称号奖励"\t"^ffcb4a排行说明：^ffffff服务器有30人以上获得商会掌柜称号，才会开启此排行榜。此排行榜于每周一刷新。"'
     bare: '\t\t562\t-\t-\t-\t-\t商会声望\t""\t""\t""\t""'
 33 | full: '\t\t595 -\t-\t-\t-\t图鉴品质排行\t"个人排名：" "收藏图鉴品质"\t""\t""'
     bare: '\t\t595 -\t-\t-\t-\t图鉴品质排行\t"" ""\t""\t""'
 34 | full: '        362\t-\tw\tl\t-\t魏上周五丈原贡献\t"个人排名："\t"贡献度"\t"称号奖励"\t"^ffcb4a排行说明：^ffffff此排行榜于每周一刷新，参与五丈原战场，完成场内任务将获得贡献度。"\t'
     bare: '        362\t-\tw\tl\t-\t魏上周五丈原贡献\t""\t""\t""\t""\t'
 35 | full: '\t\t363\t-\tw\tl\t-\t蜀上周五丈原贡献\t"个人排名："\t"贡献度"\t"称号奖励"\t"^ffcb4a排行说明：^ffffff此排行榜于每周一刷新，参与五丈原战场，完成场内任务将获得贡献度。"\t'
     bare: '\t\t363\t-\tw\tl\t-\t蜀上周五丈原贡献\t""\t""\t""\t""\t'
 36 | full: '\t\t364\t-\tw\tl\t-\t吴上周五丈原贡献\t"个人排名："\t"贡献度"\t"称号奖励"\t"^ffcb4a排行说明：^ffffff此排行榜于每周一刷新，参与五丈原战场，完成场内任务将获得贡献度。"\t'
     bare: '\t\t364\t-\tw\tl\t-\t吴上周五丈原贡献\t""\t""\t""\t""\t'
 39 | full: '\t\t309\t-\tm\tn\t5\t本月获得消费积分排行\t"个人排名："\t"消费积分"\t""\t""\t'
     bare: '\t\t309\t-\tm\tn\t5\t本月获得消费积分排行\t""\t""\t""\t""\t'
 40 | full: '\t\t359\t-\tm\tl\t5\t上月获得消费积分排行\t"个人排名："\t"消费积分"\t"称号奖励"\t"^ffcb4a排行说明：^ffffff此排行榜于每月的第一个周一刷新，数据统计截止于上月最后一日。"\t'
     bare: '\t\t359\t-\tm\tl\t5\t上月获得消费积分排行\t""\t""\t""\t""\t'
 41 | full: '\t\t585\t-\tm\tl\t5\t七夕情缘值排行\t"个人排名："\t"情缘值"\t"称号奖励"\t"^ffcb4a排行说明：^ffffff此排行榜每天刷新一次，数据统计截止于8月27日6点整。"'
     bare: '\t\t585\t-\tm\tl\t5\t七夕情缘值排行\t""\t""\t""\t""'
 44 | full: '\t\t206\t-\t-\t-\t-\t总击杀排行\t"个人排名："\t"击杀"\t""\t""'
     bare: '\t\t206\t-\t-\t-\t-\t总击杀排行\t""\t""\t""\t""'
 45 | full: '\t\t256\t-\tw\tl\t-\t上周击杀排行\t"个人排名："\t"击杀"\t""\t""'
     bare: '\t\t256\t-\tw\tl\t-\t上周击杀排行\t""\t""\t""\t""'
 46 | full: '\t\t207\t1\t-\t-\t-\t魏国总击杀排行\t"个人排名："\t"击杀"\t""\t""'
     bare: '\t\t207\t1\t-\t-\t-\t魏国总击杀排行\t""\t""\t""\t""'
 47 | full: '\t\t257\t1\tw\tl\t-\t魏国上周击杀排行\t"个人排名："\t"击杀"\t""\t""'
     bare: '\t\t257\t1\tw\tl\t-\t魏国上周击杀排行\t""\t""\t""\t""'
 48 | full: '\t\t208\t2\t-\t-\t-\t蜀国总击杀排行\t"个人排名："\t"击杀"\t""\t""'
     bare: '\t\t208\t2\t-\t-\t-\t蜀国总击杀排行\t""\t""\t""\t""'
 49 | full: '\t\t258\t2\tw\tl\t-\t蜀国上周击杀排行\t"个人排名："\t"击杀"\t""\t""'
     bare: '\t\t258\t2\tw\tl\t-\t蜀国上周击杀排行\t""\t""\t""\t""'
 50 | full: '\t\t209\t3\t-\t-\t-\t吴国总击杀排行\t"个人排名："\t"击杀"\t""\t""'
     bare: '\t\t209\t3\t-\t-\t-\t吴国总击杀排行\t""\t""\t""\t""'
 51 | full: '\t\t259\t3\tw\tl\t-\t吴国上周击杀排行\t"个人排名："\t"击杀"\t""\t""'
     bare: '\t\t259\t3\tw\tl\t-\t吴国上周击杀排行\t""\t""\t""\t""'
 55 | full: '\t\t61\t-\t-\t-\t-\t军团等级\t"军团排名："\t"等级"\t""\t""\t'
     bare: '\t\t61\t-\t-\t-\t-\t军团等级\t""\t""\t""\t""\t'
 56 | full: '\t\t63\t-\t-\t-\t-\t军团人数\t"军团排名："\t"人数"\t""\t"`"\t'
     bare: '\t\t63\t-\t-\t-\t-\t军团人数\t""\t""\t""\t""\t'
 57 | full: '\t\t62\t-\t-\t-\t-\t军团财富\t"军团排名："\t"财富（金）"\t""\t""\t'
     bare: '\t\t62\t-\t-\t-\t-\t军团财富\t""\t""\t""\t""\t'
 58 | full: '\t\t81\t-\t-\t-\t-\t军团建设度\t"军团排名："\t"建设度"\t""\t""\t'
     bare: '\t\t81\t-\t-\t-\t-\t军团建设度\t""\t""\t""\t""\t'
 59 | full: '\t\t65\t-\t-\t-\t-\t军团统御度\t"军团排名："\t"统御度"\t""\t""\t'
     bare: '\t\t65\t-\t-\t-\t-\t军团统御度\t""\t""\t""\t""\t'
 61 | full: '\t\t92\t-\t-\t-\t-\t魏国声望\t"军团排名："\t"声望值"\t""\t""\t'
     bare: '\t\t92\t-\t-\t-\t-\t魏国声望\t""\t""\t""\t""\t'
 62 | full: '\t\t93\t-\t-\t-\t-\t蜀国声望\t"军团排名："\t"声望值"\t""\t""\t'
     bare: '\t\t93\t-\t-\t-\t-\t蜀国声望\t""\t""\t""\t""\t'
 63 | full: '\t\t94\t-\t-\t-\t-\t吴国声望\t"军团排名："\t"声望值"\t""\t""\t'
     bare: '\t\t94\t-\t-\t-\t-\t吴国声望\t""\t""\t""\t""\t'
 65 | full: '\t\t85\t-\t-\t-\t-\t河北声望\t"军团排名："\t"声望值"\t""\t""\t'
     bare: '\t\t85\t-\t-\t-\t-\t河北声望\t""\t""\t""\t""\t'
 66 | full: '\t\t91\t-\t-\t-\t-\t关中声望\t"军团排名："\t"声望值"\t""\t""\t'
     bare: '\t\t91\t-\t-\t-\t-\t关中声望\t""\t""\t""\t""\t'
 67 | full: '\t\t621\t-\t-\t-\t-\t川南声望\t"军团排名："\t"声望值"\t""\t""\t'
     bare: '\t\t621\t-\t-\t-\t-\t川南声望\t""\t""\t""\t""\t'
 68 | full: '\t\t86\t-\t-\t-\t-\t西凉声望\t"军团排名："\t"声望值"\t""\t""\t'
     bare: '\t\t86\t-\t-\t-\t-\t西凉声望\t""\t""\t""\t""\t'
 69 | full: '\t\t87\t-\t-\t-\t-\t巴蜀声望\t"军团排名："\t"声望值"\t""\t""\t'
     bare: '\t\t87\t-\t-\t-\t-\t巴蜀声望\t""\t""\t""\t""\t'
 70 | full: '\t\t88\t-\t-\t-\t-\t南蛮声望\t"军团排名："\t"声望值"\t""\t""\t'
     bare: '\t\t88\t-\t-\t-\t-\t南蛮声望\t""\t""\t""\t""\t'
 71 | full: '\t\t89\t-\t-\t-\t-\t江南声望\t"军团排名："\t"声望值"\t""\t""\t'
     bare: '\t\t89\t-\t-\t-\t-\t江南声望\t""\t""\t""\t""\t'
 72 | full: '\t\t90\t-\t-\t-\t-\t荆襄声望\t"军团排名："\t"声望值"\t""\t""\t'
     bare: '\t\t90\t-\t-\t-\t-\t荆襄声望\t""\t""\t""\t""\t'
 74 | full: '\t\t400\t-\t-\t-\t-\t魏国本周获得名望\t"军团排名："\t"名望本周获得"\t""\t""\t'
     bare: '\t\t400\t-\t-\t-\t-\t魏国本周获得名望\t""\t""\t""\t""\t'
 75 | full: '\t\t401\t-\t-\t-\t-\t蜀国本周获得名望\t"军团排名："\t"名望本周获得"\t""\t""\t'
     bare: '\t\t401\t-\t-\t-\t-\t蜀国本周获得名望\t""\t""\t""\t""\t'
 76 | full: '\t\t402\t-\t-\t-\t-\t吴国本周获得名望\t"军团排名："\t"名望本周获得"\t""\t""\t'
     bare: '\t\t402\t-\t-\t-\t-\t吴国本周获得名望\t""\t""\t""\t""\t'
 77 | full: '\t\t500\t-\t-\t-\t-\t魏国本月获得名望\t"军团排名："\t"名望本月获得"\t""\t""\t'
     bare: '\t\t500\t-\t-\t-\t-\t魏国本月获得名望\t""\t""\t""\t""\t'
 78 | full: '\t\t501\t-\t-\t-\t-\t蜀国本月获得名望\t"军团排名："\t"名望本月获得"\t""\t""\t'
     bare: '\t\t501\t-\t-\t-\t-\t蜀国本月获得名望\t""\t""\t""\t""\t'
 79 | full: '\t\t502\t-\t-\t-\t-\t吴国本月获得名望\t"军团排名："\t"名望本月获得"\t""\t""\t'
     bare: '\t\t502\t-\t-\t-\t-\t吴国本月获得名望\t""\t""\t""\t""\t'
 80 | full: '\t\t450\t-\t-\t-\t-\t魏国上周获得名望\t"军团排名："\t"名望上周获得"\t""\t""\t'
     bare: '\t\t450\t-\t-\t-\t-\t魏国上周获得名望\t""\t""\t""\t""\t'
 81 | full: '\t\t451\t-\t-\t-\t-\t蜀国上周获得名望\t"军团排名："\t"名望上周获得"\t""\t""\t'
     bare: '\t\t451\t-\t-\t-\t-\t蜀国上周获得名望\t""\t""\t""\t""\t'
 82 | full: '\t\t452\t-\t-\t-\t-\t吴国上周获得名望\t"军团排名："\t"名望上周获得"\t""\t""\t'
     bare: '\t\t452\t-\t-\t-\t-\t吴国上周获得名望\t""\t""\t""\t""\t'
 83 | full: '\t\t550\t-\t-\t-\t-\t魏国上月获得名望\t"军团排名："\t"名望上月获得"\t""\t"^ffcb4a排行说明：^ffffff此排行榜于每月的第一个周一刷新，排行数据统计                    截止于上月最后一日。"\t'
     bare: '\t\t550\t-\t-\t-\t-\t魏国上月获得名望\t""\t""\t""\t""\t'
 84 | full: '\t\t551\t-\t-\t-\t-\t蜀国上月获得名望\t"军团排名："\t"名望上月获得"\t""\t"^ffcb4a排行说明：^ffffff此排行榜于每月的第一个周一刷新，排行数据统计                    截止于上月最后一日。"\t'
     bare: '\t\t551\t-\t-\t-\t-\t蜀国上月获得名望\t""\t""\t""\t""\t'
 85 | full: '\t\t552\t-\t-\t-\t-\t吴国上月获得名望\t"军团排名："\t"名望上月获得"\t""\t"^ffcb4a排行说明：^ffffff此排行榜于每月的第一个周一刷新，排行数据统计                    截止于上月最后一日。"\t'
     bare: '\t\t552\t-\t-\t-\t-\t吴国上月获得名望\t""\t""\t""\t""\t'
 87 | full: '\t\t406\t1\tw\tn\t3\t本周获得活跃度总榜\t"军团排名："\t"活跃度"\t""\t"^ffcb4a排行说明：^ffffff上周活跃度排行总榜50名之内的军团可在长安城云                         台周鸣磊处申请军团基地。"\t'
     bare: '\t\t406\t1\tw\tn\t3\t本周获得活跃度总榜\t""\t""\t""\t""\t'
 88 | full: '\t\t456\t1\tw\tl\t3\t上周获得活跃度总榜\t"军团排名："\t"活跃度"\t""\t"^ffcb4a排行说明：^ffffff上周活跃度排行总榜50名之内的军团可在长安城云                         台周鸣磊处申请军团基地。"\t'
     bare: '\t\t456\t1\tw\tl\t3\t上周获得活跃度总榜\t""\t""\t""\t""\t'
 89 | full: '\t\t453\t1\tw\tl\t3\t上周魏国军团活跃度\t"军团排名："\t"活跃度"\t""\t""\t'
     bare: '\t\t453\t1\tw\tl\t3\t上周魏国军团活跃度\t""\t""\t""\t""\t'
 90 | full: '\t\t454\t1\tw\tl\t3\t上周蜀国军团活跃度\t"军团排名："\t"活跃度"\t""\t""\t'
     bare: '\t\t454\t1\tw\tl\t3\t上周蜀国军团活跃度\t""\t""\t""\t""\t'
 91 | full: '\t\t455\t1\tw\tl\t3\t上周吴国军团活跃度\t"军团排名："\t"活跃度"\t""\t""\t'
     bare: '\t\t455\t1\tw\tl\t3\t上周吴国军团活跃度\t""\t""\t""\t""\t'
 93 | full: '\t\t130\t-\tw\tn\t-\t结义总贡献度\t"结义排名："\t"贡献度"\t""\t""'
     bare: '\t\t130\t-\tw\tn\t-\t结义总贡献度\t""\t""\t""\t""'
 94 | full: '\t\t131\t-\tw\tl\t-\t结义上周总贡献度\t"结义排名："\t"贡献度"\t""\t""'
     bare: '\t\t131\t-\tw\tl\t-\t结义上周总贡献度\t""\t""\t""\t""'
 95 | full: '\t\t132\t-\tw\tl\t-\t草船借箭上周积分榜\t"结义排名："\t"积分"\t""\t""'
     bare: '\t\t132\t-\tw\tl\t-\t草船借箭上周积分榜\t""\t""\t""\t""'
 96 | full: '\t\t133\t-\tm\tl\t-\t草船借箭上月积分榜\t"结义排名："\t"积分"\t""\t""'
     bare: '\t\t133\t-\tm\tl\t-\t草船借箭上月积分榜\t""\t""\t""\t""'
100 | full: '\t\t11\t1\t-\t-\t-\t声望排行\t"个人排名："\t"魏国声望"\t""\t""\t'
     bare: '\t\t11\t1\t-\t-\t-\t声望排行\t""\t""\t""\t""\t'
101 | full: '\t\t12\t1\t-\t-\t-\t武勋排行\t"个人排名："\t"魏国武勋"\t""\t""\t'
     bare: '\t\t12\t1\t-\t-\t-\t武勋排行\t""\t""\t""\t""\t'
102 | full: '\t\t13\t1\t-\t-\t-\t文勋排行\t"个人排名："\t"魏国文勋"\t""\t""\t'
     bare: '\t\t13\t1\t-\t-\t-\t文勋排行\t""\t""\t""\t""\t'
103 | full: '\t\t200\t1\tw\tn\t1\t本周获得名望\t"个人排名："\t"魏国名望"\t""\t""\t'
     bare: '\t\t200\t1\tw\tn\t1\t本周获得名望\t""\t""\t""\t""\t'
104 | full: '\t\t300\t1\tm\tn\t1\t本月获得名望\t"个人排名："\t"魏国名望"\t""\t""\t'
     bare: '\t\t300\t1\tm\tn\t1\t本月获得名望\t""\t""\t""\t""\t'
105 | full: '\t\t303\t1\tm\tn\t1\t文官本月获得名望\t"个人排名："\t"魏国名望"\t""\t""\t'
     bare: '\t\t303\t1\tm\tn\t1\t文官本月获得名望\t""\t""\t""\t""\t'
106 | full: '\t\t306\t1\tm\tn\t1\t武官本月获得名望\t"个人排名："\t"魏国名望"\t""\t""\t'
     bare: '\t\t306\t1\tm\tn\t1\t武官本月获得名望\t""\t""\t""\t""\t'
107 | full: '\t\t250\t1\tw\tl\t1\t上周获得名望\t"个人排名："\t"魏国名望"\t""\t""\t'
     bare: '\t\t250\t1\tw\tl\t1\t上周获得名望\t""\t""\t""\t""\t'
108 | full: '\t\t350\t1\tm\tl\t1\t上月获得名望\t"个人排名："\t"魏国名望"\t""\t"^ffcb4a排行说明：^ffffff此排行榜于每月的第一个周一刷新，排行数据统计                    截止于上月最后一日。"\t'
     bare: '\t\t350\t1\tm\tl\t1\t上月获得名望\t""\t""\t""\t""\t'
109 | full: '\t\t353\t1\tm\tl\t1\t文官上月获得名望\t"个人排名："\t"魏国名望"\t"官职奖励"\t"^ffcb4a排行说明：^ffffff此排行榜于每月的第一个周一刷新，排行数据统计                    截止于上月最后一日。"\t'
     bare: '\t\t353\t1\tm\tl\t1\t文官上月获得名望\t""\t""\t""\t""\t'
110 | full: '\t\t356\t1\tm\tl\t1\t武官上月获得名望\t"个人排名："\t"魏国名望"\t"官职奖励"\t"^ffcb4a排行说明：^ffffff此排行榜于每月的第一个周一刷新，排行数据统计                    截止于上月最后一日。"\t'
     bare: '\t\t356\t1\tm\tl\t1\t武官上月获得名望\t""\t""\t""\t""\t'
111 | full: '\t\t207\t1\t-\t-\t-\t总击杀排行\t"个人排名："\t"击杀"\t""\t""'
     bare: '\t\t207\t1\t-\t-\t-\t总击杀排行\t""\t""\t""\t""'
112 | full: '\t\t257\t1\tw\tl\t-\t上周击杀排行\t"个人排名："\t"击杀"\t""\t""'
     bare: '\t\t257\t1\tw\tl\t-\t上周击杀排行\t""\t""\t""\t""'
115 | full: '\t\t14\t2\t-\t-\t-\t声望排行\t"个人排名："\t"蜀国声望"\t""\t""\t'
     bare: '\t\t14\t2\t-\t-\t-\t声望排行\t""\t""\t""\t""\t'
116 | full: '\t\t15\t2\t-\t-\t-\t武勋排行\t"个人排名："\t"蜀国武勋"\t""\t""\t'
     bare: '\t\t15\t2\t-\t-\t-\t武勋排行\t""\t""\t""\t""\t'
117 | full: '\t\t16\t2\t-\t-\t-\t文勋排行\t"个人排名："\t"蜀国文勋"\t""\t""\t'
     bare: '\t\t16\t2\t-\t-\t-\t文勋排行\t""\t""\t""\t""\t'
118 | full: '\t\t201\t2\tw\tn\t1\t本周获得名望\t"个人排名："\t"蜀国名望"\t""\t""\t'
     bare: '\t\t201\t2\tw\tn\t1\t本周获得名望\t""\t""\t""\t""\t'
119 | full: '\t\t301\t2\tm\tn\t1\t本月获得名望\t"个人排名："\t"蜀国名望"\t""\t""\t'
     bare: '\t\t301\t2\tm\tn\t1\t本月获得名望\t""\t""\t""\t""\t'
120 | full: '\t\t304\t2\tm\tn\t1\t文官本月获得名望\t"个人排名："\t"蜀国名望"\t""\t""\t'
     bare: '\t\t304\t2\tm\tn\t1\t文官本月获得名望\t""\t""\t""\t""\t'
121 | full: '\t\t307\t2\tm\tn\t1\t武官本月获得名望\t"个人排名："\t"蜀国名望"\t""\t""\t'
     bare: '\t\t307\t2\tm\tn\t1\t武官本月获得名望\t""\t""\t""\t""\t'
122 | full: '\t\t251\t2\tw\tl\t1\t上周获得名望\t"个人排名："\t"蜀国名望"\t""\t""\t'
     bare: '\t\t251\t2\tw\tl\t1\t上周获得名望\t""\t""\t""\t""\t'
123 | full: '\t\t351\t2\tm\tl\t1\t上月获得名望\t"个人排名："\t"蜀国名望"\t""\t"^ffcb4a排行说明：^ffffff此排行榜于每月的第一个周一刷新，排行数据统计                      截止于上月最后一日。"\t'
     bare: '\t\t351\t2\tm\tl\t1\t上月获得名望\t""\t""\t""\t""\t'
124 | full: '\t\t354\t2\tm\tl\t1\t文官上月获得名望\t"个人排名："\t"蜀国名望"\t"官职奖励"\t"^ffcb4a排行说明：^ffffff此排行榜于每月的第一个周一刷新，排行数据统计                      截止于上月最后一日。"\t'
     bare: '\t\t354\t2\tm\tl\t1\t文官上月获得名望\t""\t""\t""\t""\t'
125 | full: '\t\t357\t2\tm\tl\t1\t武官上月获得名望\t"个人排名："\t"蜀国名望"\t"官职奖励"\t"^ffcb4a排行说明：^ffffff此排行榜于每月的第一个周一刷新，排行数据统计                      截止于上月最后一日。"\t'
     bare: '\t\t357\t2\tm\tl\t1\t武官上月获得名望\t""\t""\t""\t""\t'
126 | full: '\t\t208\t2\t-\t-\t-\t总击杀排行\t"个人排名："\t"击杀"\t""\t""'
     bare: '\t\t208\t2\t-\t-\t-\t总击杀排行\t""\t""\t""\t""'
127 | full: '\t\t258\t2\tw\tl\t-\t上周击杀排行\t"个人排名："\t"击杀"\t""\t""'
     bare: '\t\t258\t2\tw\tl\t-\t上周击杀排行\t""\t""\t""\t""'
130 | full: '\t\t17\t3\t-\t-\t-\t声望排行\t"个人排名："\t"吴国声望"\t""\t""\t'
     bare: '\t\t17\t3\t-\t-\t-\t声望排行\t""\t""\t""\t""\t'
131 | full: '\t\t18\t3\t-\t-\t-\t武勋排行\t"个人排名："\t"吴国武勋"\t""\t""\t'
     bare: '\t\t18\t3\t-\t-\t-\t武勋排行\t""\t""\t""\t""\t'
132 | full: '\t\t19\t3\t-\t-\t-\t文勋排行\t"个人排名："\t"吴国文勋"\t""\t""\t'
     bare: '\t\t19\t3\t-\t-\t-\t文勋排行\t""\t""\t""\t""\t'
133 | full: '\t\t202\t3\tw\tn\t1\t本周获得名望\t"个人排名："\t"吴国名望"\t""\t""\t'
     bare: '\t\t202\t3\tw\tn\t1\t本周获得名望\t""\t""\t""\t""\t'
134 | full: '\t\t302\t3\tm\tn\t1\t本月获得名望\t"个人排名："\t"吴国名望"\t""\t""\t'
     bare: '\t\t302\t3\tm\tn\t1\t本月获得名望\t""\t""\t""\t""\t'
135 | full: '\t\t305\t3\tm\tn\t1\t文官本月获得名望\t"个人排名："\t"吴国名望"\t""\t""\t'
     bare: '\t\t305\t3\tm\tn\t1\t文官本月获得名望\t""\t""\t""\t""\t'
136 | full: '\t\t308\t3\tm\tn\t1\t武官本月获得名望\t"个人排名："\t"吴国名望"\t""\t""\t'
     bare: '\t\t308\t3\tm\tn\t1\t武官本月获得名望\t""\t""\t""\t""\t'
137 | full: '\t\t252\t3\tw\tl\t1\t上周获得名望\t"个人排名："\t"吴国名望"\t""\t""\t'
     bare: '\t\t252\t3\tw\tl\t1\t上周获得名望\t""\t""\t""\t""\t'
138 | full: '\t\t352\t3\tm\tl\t1\t上月获得名望\t"个人排名："\t"吴国名望"\t""\t"^ffcb4a排行说明：^ffffff此排行榜于每月的第一个周一刷新，排行数据统计                    截止于上月最后一日。"\t'
     bare: '\t\t352\t3\tm\tl\t1\t上月获得名望\t""\t""\t""\t""\t'
139 | full: '\t\t355\t3\tm\tl\t1\t文官上月获得名望\t"个人排名："\t"吴国名望"\t"官职奖励"\t"^ffcb4a排行说明：^ffffff此排行榜于每月的第一个周一刷新，排行数据统计                    截止于上月最后一日。"\t'
     bare: '\t\t355\t3\tm\tl\t1\t文官上月获得名望\t""\t""\t""\t""\t'
140 | full: '\t\t358\t3\tm\tl\t1\t武官上月获得名望\t"个人排名："\t"吴国名望"\t"官职奖励"\t"^ffcb4a排行说明：^ffffff此排行榜于每月的第一个周一刷新，排行数据统计                    截止于上月最后一日。"\t'
     bare: '\t\t358\t3\tm\tl\t1\t武官上月获得名望\t""\t""\t""\t""\t'
141 | full: '\t\t209\t3\t-\t-\t-\t总击杀排行\t"个人排名："\t"击杀"\t""\t""'
     bare: '\t\t209\t3\t-\t-\t-\t总击杀排行\t""\t""\t""\t""'
142 | full: '\t\t259\t3\tw\tl\t-\t上周击杀排行\t"个人排名："\t"击杀"\t""\t""'
     bare: '\t\t259\t3\tw\tl\t-\t上周击杀排行\t""\t""\t""\t""'
145 | full: '\t\t725 1\t-\t-\t-\t上周魏国玩家资金获得 "个人排名：" "魏国玩家国家资金"\t""\t""'
     bare: '\t\t725 1\t-\t-\t-\t上周魏国玩家资金获得 "" ""\t""\t""'
146 | full: '\t\t726 2\t-\t-\t-\t上周蜀国玩家资金获得 "个人排名：" "蜀国玩家国家资金"\t""\t""'
     bare: '\t\t726 2\t-\t-\t-\t上周蜀国玩家资金获得 "" ""\t""\t""'
147 | full: '\t\t727 3\t-\t-\t-\t上周吴国玩家资金获得 "个人排名：" "吴国玩家国家资金"\t""\t""'
     bare: '\t\t727 3\t-\t-\t-\t上周吴国玩家资金获得 "" ""\t""\t""'
148 | full: '\t\t722 1\t-\t-\t-\t上周魏国军团资金获得 "个人排名：" "魏国军团国家资金"\t""\t""'
     bare: '\t\t722 1\t-\t-\t-\t上周魏国军团资金获得 "" ""\t""\t""'
149 | full: '\t\t723 2\t-\t-\t-\t上周蜀国军团资金获得 "个人排名：" "蜀国军团国家资金"\t""\t""'
     bare: '\t\t723 2\t-\t-\t-\t上周蜀国军团资金获得 "" ""\t""\t""'
150 | full: '\t\t724 3\t-\t-\t-\t上周吴国军团资金获得 "个人排名：" "吴国军团国家资金"\t""\t""'
     bare: '\t\t724 3\t-\t-\t-\t上周吴国军团资金获得 "" ""\t""\t""'
153 | full: '\t\t572\t-\t-\t-\t-\t个人竞技经验\t"竞技排名："\t"个人竞技经验"\t""\t""\t'
     bare: '\t\t572\t-\t-\t-\t-\t个人竞技经验\t""\t""\t""\t""\t'
154 | full: '\t\t361\t-\t-\t-\t-\t上月个人竞技经验\t"竞技排名："\t"当月经验"\t"称号奖励"\t""'
     bare: '\t\t361\t-\t-\t-\t-\t上月个人竞技经验\t""\t""\t""\t""'
155 | full: '\t\t10\t-\t-\t-\t-\t个人竞技等级\t"竞技排名："\t"个人等级"\t""\t""\t'
     bare: '\t\t10\t-\t-\t-\t-\t个人竞技等级\t""\t""\t""\t""\t'
156 | full: '\t\t9\t-\t-\t-\t-\t个人综合评分\t"竞技排名："\t"综合评分"\t""\t""\t'
     bare: '\t\t9\t-\t-\t-\t-\t个人综合评分\t""\t""\t""\t""\t'
157 | full: '\t\t4\t-\t-\t-\t-\t个人战斗力评分\t"竞技排名："\t"战斗力评分"\t""\t""\t'
     bare: '\t\t4\t-\t-\t-\t-\t个人战斗力评分\t""\t""\t""\t""\t'
158 | full: '\t\t5\t-\t-\t-\t-\t个人防御评分\t"竞技排名："\t"防御评分"\t""\t""\t'
     bare: '\t\t5\t-\t-\t-\t-\t个人防御评分\t""\t""\t""\t""\t'
159 | full: '\t\t6\t-\t-\t-\t-\t个人治疗评分\t"竞技排名："\t"治疗评分"\t""\t""\t'
     bare: '\t\t6\t-\t-\t-\t-\t个人治疗评分\t""\t""\t""\t""\t'
160 | full: '\t\t8\t-\t-\t-\t-\t个人战魂评分\t"竞技排名："\t"战魂评分"\t""\t""\t'
     bare: '\t\t8\t-\t-\t-\t-\t个人战魂评分\t""\t""\t""\t""\t'
161 | full: '\t\t570\t-\t-\t-\t-\t总斩杀数排名\t"竞技排名："\t"斩杀总数"\t""\t""\t'
     bare: '\t\t570\t-\t-\t-\t-\t总斩杀数排名\t""\t""\t""\t""\t'
163 | full: '\t\t701\t-\t-\t-\t-\t队伍等级排名\t"竞技排名："\t"队伍等级"\t""\t""\t'
     bare: '\t\t701\t-\t-\t-\t-\t队伍等级排名\t""\t""\t""\t""\t'
164 | full: '\t\t702\t-\t-\t-\t-\t队伍综合评分排名\t"竞技排名："\t"队伍综合评分"\t""\t""'
     bare: '\t\t702\t-\t-\t-\t-\t队伍综合评分排名\t""\t""\t""\t""'
165 | full: '\t\t703\t-\t-\t-\t-\t跨服PK赛资格选拔\t"竞技排名："\t"队伍经验"\t""\t""\t'
     bare: '\t\t703\t-\t-\t-\t-\t跨服PK赛资格选拔\t""\t""\t""\t""\t'
168 | full: '\t\t50000\t-\t-\t-\t-\t我的全部个人排名\t"个人排名："\t"详细"\t"其他"\t""\t'
     bare: '\t\t50000\t-\t-\t-\t-\t我的全部个人排名\t""\t""\t""\t""\t'
170 | full: '\t\t50001\t-\t-\t-\t-\t我的全部军团排名\t"军团排名："\t"详细"\t"其他"\t""\t'
     bare: '\t\t50001\t-\t-\t-\t-\t我的全部军团排名\t""\t""\t""\t""\t'
172 | full: '\t\t50002\t-\t-\t-\t-\t我的全部阵营排名\t"阵营排名："\t"详细"\t"其他"\t""\t'
     bare: '\t\t50002\t-\t-\t-\t-\t我的全部阵营排名\t""\t""\t""\t""\t'
174 | full: '\t\t50003\t-\t-\t-\t-\t我的全部竞技排名\t"竞技排名："\t"详细"\t"其他"\t""'
     bare: '\t\t50003\t-\t-\t-\t-\t我的全部竞技排名\t""\t""\t""\t""'
177 | full: '\t\t170\t-\t-\t-\t-\t竞技军团等级排名\t"竞技军团排名："\t"等级"\t""\t""\t'
     bare: '\t\t170\t-\t-\t-\t-\t竞技军团等级排名\t""\t""\t""\t""\t'
178 | full: '\t\t171\t-\tw\tl\t-\t竞技军团上周贡献度\t"竞技军团排名："\t"贡献度"\t""\t""\t'
     bare: '\t\t171\t-\tw\tl\t-\t竞技军团上周贡献度\t""\t""\t""\t""\t'

#################### instance.txt blocks ####################
--- block at line 7 ---
   "河北"
   {
   1		//  ID
   0		//  Zone ID 河北
   "C1"		//  path
   "Textures\Maps\detail\C1.dds" // detail texture
   "C1"		//  Loading map file name
   "C1"		//  World map file name
   1, 1		//  row, column
   36, 72, 64	//  water color 1
   19, 40, 43	//  water color 2
   0              //  PK Rule
   0              //  Ignore PvPMask
   qinggong_open_lvl 1
   }
--- block at line 23 ---
   "西凉"
   {
   2		//  ID
   6		//  Zone ID 西凉
   "C2"		//  path
   "Textures\Maps\detail\C2.dds" // detail texture
   "C2"		//  Loading map file name
   "C2"		//  World map file name
   1, 1		//  row, column
   69, 86, 61	//  water color 1
   26, 38, 28	//  water color 2
   0              //  PK Rule
   0              //  Ignore PvPMask
   qinggong_open_lvl 1
   }
--- block at line 39 ---
   "巴蜀"
   {
   3		//  ID
   3		//  Zone ID 巴蜀
   "C3"		//  path
   "Textures\Maps\detail\C3.dds" // detail texture
   "C3"		//  Loading map file name
   "C3"		//  World map file name
   1, 1		//  row, column
   36, 85, 69	//  water color 1
   28, 52, 72	//  water color 2
   0              //  PK Rule
   0              //  Ignore PvPMask
   qinggong_open_lvl 1
   }

#################### typedef_initial.xml attrs ####################
  attr aid          total=68   nonempty=68   withCJK=0
  attr encoding     total=1    nonempty=1    withCJK=0
  attr freezePeriod total=68   nonempty=68   withCJK=0
  attr group0       total=68   nonempty=68   withCJK=68
  attr group1       total=66   nonempty=66   withCJK=66
  attr id           total=68   nonempty=68   withCJK=0
  attr lockPeriod   total=68   nonempty=68   withCJK=0
  attr name         total=68   nonempty=68   withCJK=68
  attr postPeriod   total=68   nonempty=68   withCJK=0
  attr showPeriod   total=68   nonempty=68   withCJK=0
  attr standalone   total=1    nonempty=1    withCJK=0
  attr taxRate      total=68   nonempty=68   withCJK=0
  attr version      total=1    nonempty=1    withCJK=0
--- sample name=/group0= values ---
   name='传送道具'
   name='符玉'
   group0='装备强化'
   name='强化升级道具'
   name='礼袋'
   group0='物品'
   name='战魂相关'
   name='技能书'
   name='食品'
   group0='消耗类道具'
   name='抓捕道具'
   group0='护卫相关'
   name='护卫技能书'
   name='替身娃娃'
   name='杂类'

#################### item_ext_prop.txt ####################
total lines=595
lines with CJK=112
--- first 12 CJK lines ---
   1 | '/*  Element 附加属性表'
   3 | '附加属性类型定义：'
   5 | ' 0: 物理攻击'
   6 | ' 1: 物理攻击上限'
   7 | ' 2: 物理攻击(%)'
   8 | ' 3: 魔法攻击'
   9 | ' 4: 魔法攻击上限'
  10 | ' 5: 魔法攻击(%)'
  11 | ' 6: +物防-物攻'
  12 | ' 7: +物攻-物防'
  13 | ' 8: +魔攻-魔防'
  14 | ' 9: 攻击速度'
--- sample NON-CJK data lines (to see structure) ---
  42 | '35: HP'
  43 | '36: MP'
  44 | '37: HP(%)'
  45 | '38: MP(%)'
  67 | '*/'
  70 | 'type: 0'
  71 | '{'
  72 | '\t411, 413, 415, 476, 478, '
  73 | '\t481, 753, 754, 756, 755, '
  74 | '\t757, 758, 759, 760, 761, '